PHPUnit 11.5.42 by Sebastian Bergmann and contributors.

Runtime:       PHP 8.3.27
Configuration: C:\laragon\www\exgenartstudio\phpunit.xml

EEEE                                                                4 / 4 (100%)

Time: 00:00.762, Memory: 38.00 MB

There were 4 errors:

1) Tests\Feature\Auth\PasswordResetTest::test_reset_password_link_screen_can_be_rendered
Illuminate\Database\QueryException: could not find driver (Connection: sqlite, SQL: select exists (select 1 from "main".sqlite_master where name = 'migrations' and type = 'table') as "exists")

C:\laragon\www\exgenartstudio\vendor\laravel\framework\src\Illuminate\Database\Connection.php:824
C:\laragon\www\exgenartstudio\vendor\laravel\framework\src\Illuminate\Database\Connection.php:778
C:\laragon\www\exgenartstudio\vendor\laravel\framework\src\Illuminate\Database\Connection.php:397
C:\laragon\www\exgenartstudio\vendor\laravel\framework\src\Illuminate\Database\Connection.php:343
C:\laragon\www\exgenartstudio\vendor\laravel\framework\src\Illuminate\Database\Connection.php:360
C:\laragon\www\exgenartstudio\vendor\laravel\framework\src\Illuminate\Database\Schema\Builder.php:174
C:\laragon\www\exgenartstudio\vendor\laravel\framework\src\Illuminate\Database\Migrations\DatabaseMigrationRepository.php:185
C:\laragon\www\exgenartstudio\vendor\laravel\framework\src\Illuminate\Database\Migrations\Migrator.php:753
C:\laragon\www\exgenartstudio\vendor\laravel\framework\src\Illuminate\Database\Console\Migrations\FreshCommand.php:67
C:\laragon\www\exgenartstudio\vendor\laravel\framework\src\Illuminate\Database\Migrations\Migrator.php:666
C:\laragon\www\exgenartstudio\vendor\laravel\framework\src\Illuminate\Database\Console\Migrations\FreshCommand.php:66
C:\laragon\www\exgenartstudio\vendor\laravel\framework\src\Illuminate\Container\BoundMethod.php:36
C:\laragon\www\exgenartstudio\vendor\laravel\framework\src\Illuminate\Container\Util.php:43
C:\laragon\www\exgenartstudio\vendor\laravel\framework\src\Illuminate\Container\BoundMethod.php:96
C:\laragon\www\exgenartstudio\vendor\laravel\framework\src\Illuminate\Container\BoundMethod.php:35
C:\laragon\www\exgenartstudio\vendor\laravel\framework\src\Illuminate\Container\Container.php:836
C:\laragon\www\exgenartstudio\vendor\laravel\framework\src\Illuminate\Console\Command.php:211
C:\laragon\www\exgenartstudio\vendor\symfony\console\Command\Command.php:318
C:\laragon\www\exgenartstudio\vendor\laravel\framework\src\Illuminate\Console\Command.php:180
C:\laragon\www\exgenartstudio\vendor\symfony\console\Application.php:1092
C:\laragon\www\exgenartstudio\vendor\symfony\console\Application.php:359
C:\laragon\www\exgenartstudio\vendor\symfony\console\Application.php:194
C:\laragon\www\exgenartstudio\vendor\laravel\framework\src\Illuminate\Console\Application.php:165
C:\laragon\www\exgenartstudio\vendor\laravel\framework\src\Illuminate\Foundation\Console\Kernel.php:426
C:\laragon\www\exgenartstudio\vendor\laravel\framework\src\Illuminate\Testing\PendingCommand.php:451
C:\laragon\www\exgenartstudio\vendor\laravel\framework\src\Illuminate\Testing\PendingCommand.php:675
C:\laragon\www\exgenartstudio\vendor\laravel\framework\src\Illuminate\Foundation\Testing\Concerns\InteractsWithConsole.php:87
C:\laragon\www\exgenartstudio\vendor\laravel\framework\src\Illuminate\Foundation\Testing\RefreshDatabase.php:101
C:\laragon\www\exgenartstudio\vendor\laravel\framework\src\Illuminate\Foundation\Testing\RefreshDatabase.php:84
C:\laragon\www\exgenartstudio\vendor\laravel\framework\src\Illuminate\Foundation\Testing\RefreshDatabase.php:25
C:\laragon\www\exgenartstudio\vendor\laravel\framework\src\Illuminate\Foundation\Testing\Concerns\InteractsWithTestCaseLifecycle.php:209
C:\laragon\www\exgenartstudio\vendor\laravel\framework\src\Illuminate\Foundation\Testing\Concerns\InteractsWithTestCaseLifecycle.php:97
C:\laragon\www\exgenartstudio\vendor\laravel\framework\src\Illuminate\Foundation\Testing\TestCase.php:44

Caused by
PDOException: could not find driver

C:\laragon\www\exgenartstudio\vendor\laravel\framework\src\Illuminate\Database\Connectors\Connector.php:66
C:\laragon\www\exgenartstudio\vendor\laravel\framework\src\Illuminate\Database\Connectors\Connector.php:44
C:\laragon\www\exgenartstudio\vendor\laravel\framework\src\Illuminate\Database\Connectors\SQLiteConnector.php:21
C:\laragon\www\exgenartstudio\vendor\laravel\framework\src\Illuminate\Database\Connectors\ConnectionFactory.php:223
C:\laragon\www\exgenartstudio\vendor\laravel\framework\src\Illuminate\Database\Connection.php:1230
C:\laragon\www\exgenartstudio\vendor\laravel\framework\src\Illuminate\Database\Connection.php:1266
C:\laragon\www\exgenartstudio\vendor\laravel\framework\src\Illuminate\Database\Connection.php:511
C:\laragon\www\exgenartstudio\vendor\laravel\framework\src\Illuminate\Database\Connection.php:406
C:\laragon\www\exgenartstudio\vendor\laravel\framework\src\Illuminate\Database\Connection.php:811
C:\laragon\www\exgenartstudio\vendor\laravel\framework\src\Illuminate\Database\Connection.php:778
C:\laragon\www\exgenartstudio\vendor\laravel\framework\src\Illuminate\Database\Connection.php:397
C:\laragon\www\exgenartstudio\vendor\laravel\framework\src\Illuminate\Database\Connection.php:343
C:\laragon\www\exgenartstudio\vendor\laravel\framework\src\Illuminate\Database\Connection.php:360
C:\laragon\www\exgenartstudio\vendor\laravel\framework\src\Illuminate\Database\Schema\Builder.php:174
C:\laragon\www\exgenartstudio\vendor\laravel\framework\src\Illuminate\Database\Migrations\DatabaseMigrationRepository.php:185
C:\laragon\www\exgenartstudio\vendor\laravel\framework\src\Illuminate\Database\Migrations\Migrator.php:753
C:\laragon\www\exgenartstudio\vendor\laravel\framework\src\Illuminate\Database\Console\Migrations\FreshCommand.php:67
C:\laragon\www\exgenartstudio\vendor\laravel\framework\src\Illuminate\Database\Migrations\Migrator.php:666
C:\laragon\www\exgenartstudio\vendor\laravel\framework\src\Illuminate\Database\Console\Migrations\FreshCommand.php:66
C:\laragon\www\exgenartstudio\vendor\laravel\framework\src\Illuminate\Container\BoundMethod.php:36
C:\laragon\www\exgenartstudio\vendor\laravel\framework\src\Illuminate\Container\Util.php:43
C:\laragon\www\exgenartstudio\vendor\laravel\framework\src\Illuminate\Container\BoundMethod.php:96
C:\laragon\www\exgenartstudio\vendor\laravel\framework\src\Illuminate\Container\BoundMethod.php:35
C:\laragon\www\exgenartstudio\vendor\laravel\framework\src\Illuminate\Container\Container.php:836
C:\laragon\www\exgenartstudio\vendor\laravel\framework\src\Illuminate\Console\Command.php:211
C:\laragon\www\exgenartstudio\vendor\symfony\console\Command\Command.php:318
C:\laragon\www\exgenartstudio\vendor\laravel\framework\src\Illuminate\Console\Command.php:180
C:\laragon\www\exgenartstudio\vendor\symfony\console\Application.php:1092
C:\laragon\www\exgenartstudio\vendor\symfony\console\Application.php:359
C:\laragon\www\exgenartstudio\vendor\symfony\console\Application.php:194
C:\laragon\www\exgenartstudio\vendor\laravel\framework\src\Illuminate\Console\Application.php:165
C:\laragon\www\exgenartstudio\vendor\laravel\framework\src\Illuminate\Foundation\Console\Kernel.php:426
C:\laragon\www\exgenartstudio\vendor\laravel\framework\src\Illuminate\Testing\PendingCommand.php:451
C:\laragon\www\exgenartstudio\vendor\laravel\framework\src\Illuminate\Testing\PendingCommand.php:675
C:\laragon\www\exgenartstudio\vendor\laravel\framework\src\Illuminate\Foundation\Testing\Concerns\InteractsWithConsole.php:87
C:\laragon\www\exgenartstudio\vendor\laravel\framework\src\Illuminate\Foundation\Testing\RefreshDatabase.php:101
C:\laragon\www\exgenartstudio\vendor\laravel\framework\src\Illuminate\Foundation\Testing\RefreshDatabase.php:84
C:\laragon\www\exgenartstudio\vendor\laravel\framework\src\Illuminate\Foundation\Testing\RefreshDatabase.php:25
C:\laragon\www\exgenartstudio\vendor\laravel\framework\src\Illuminate\Foundation\Testing\Concerns\InteractsWithTestCaseLifecycle.php:209
C:\laragon\www\exgenartstudio\vendor\laravel\framework\src\Illuminate\Foundation\Testing\Concerns\InteractsWithTestCaseLifecycle.php:97
C:\laragon\www\exgenartstudio\vendor\laravel\framework\src\Illuminate\Foundation\Testing\TestCase.php:44

2) Tests\Feature\Auth\PasswordResetTest::test_reset_password_link_can_be_requested
Illuminate\Database\QueryException: could not find driver (Connection: sqlite, SQL: select exists (select 1 from "main".sqlite_master where name = 'migrations' and type = 'table') as "exists")

C:\laragon\www\exgenartstudio\vendor\laravel\framework\src\Illuminate\Database\Connection.php:824
C:\laragon\www\exgenartstudio\vendor\laravel\framework\src\Illuminate\Database\Connection.php:778
C:\laragon\www\exgenartstudio\vendor\laravel\framework\src\Illuminate\Database\Connection.php:397
C:\laragon\www\exgenartstudio\vendor\laravel\framework\src\Illuminate\Database\Connection.php:343
C:\laragon\www\exgenartstudio\vendor\laravel\framework\src\Illuminate\Database\Connection.php:360
C:\laragon\www\exgenartstudio\vendor\laravel\framework\src\Illuminate\Database\Schema\Builder.php:174
C:\laragon\www\exgenartstudio\vendor\laravel\framework\src\Illuminate\Database\Migrations\DatabaseMigrationRepository.php:185
C:\laragon\www\exgenartstudio\vendor\laravel\framework\src\Illuminate\Database\Migrations\Migrator.php:753
C:\laragon\www\exgenartstudio\vendor\laravel\framework\src\Illuminate\Database\Console\Migrations\FreshCommand.php:67
C:\laragon\www\exgenartstudio\vendor\laravel\framework\src\Illuminate\Database\Migrations\Migrator.php:666
C:\laragon\www\exgenartstudio\vendor\laravel\framework\src\Illuminate\Database\Console\Migrations\FreshCommand.php:66
C:\laragon\www\exgenartstudio\vendor\laravel\framework\src\Illuminate\Container\BoundMethod.php:36
C:\laragon\www\exgenartstudio\vendor\laravel\framework\src\Illuminate\Container\Util.php:43
C:\laragon\www\exgenartstudio\vendor\laravel\framework\src\Illuminate\Container\BoundMethod.php:96
C:\laragon\www\exgenartstudio\vendor\laravel\framework\src\Illuminate\Container\BoundMethod.php:35
C:\laragon\www\exgenartstudio\vendor\laravel\framework\src\Illuminate\Container\Container.php:836
C:\laragon\www\exgenartstudio\vendor\laravel\framework\src\Illuminate\Console\Command.php:211
C:\laragon\www\exgenartstudio\vendor\symfony\console\Command\Command.php:318
C:\laragon\www\exgenartstudio\vendor\laravel\framework\src\Illuminate\Console\Command.php:180
C:\laragon\www\exgenartstudio\vendor\symfony\console\Application.php:1092
C:\laragon\www\exgenartstudio\vendor\symfony\console\Application.php:359
C:\laragon\www\exgenartstudio\vendor\symfony\console\Application.php:194
C:\laragon\www\exgenartstudio\vendor\laravel\framework\src\Illuminate\Console\Application.php:165
C:\laragon\www\exgenartstudio\vendor\laravel\framework\src\Illuminate\Foundation\Console\Kernel.php:426
C:\laragon\www\exgenartstudio\vendor\laravel\framework\src\Illuminate\Testing\PendingCommand.php:451
C:\laragon\www\exgenartstudio\vendor\laravel\framework\src\Illuminate\Testing\PendingCommand.php:675
C:\laragon\www\exgenartstudio\vendor\laravel\framework\src\Illuminate\Foundation\Testing\Concerns\InteractsWithConsole.php:87
C:\laragon\www\exgenartstudio\vendor\laravel\framework\src\Illuminate\Foundation\Testing\RefreshDatabase.php:101
C:\laragon\www\exgenartstudio\vendor\laravel\framework\src\Illuminate\Foundation\Testing\RefreshDatabase.php:84
C:\laragon\www\exgenartstudio\vendor\laravel\framework\src\Illuminate\Foundation\Testing\RefreshDatabase.php:25
C:\laragon\www\exgenartstudio\vendor\laravel\framework\src\Illuminate\Foundation\Testing\Concerns\InteractsWithTestCaseLifecycle.php:209
C:\laragon\www\exgenartstudio\vendor\laravel\framework\src\Illuminate\Foundation\Testing\Concerns\InteractsWithTestCaseLifecycle.php:97
C:\laragon\www\exgenartstudio\vendor\laravel\framework\src\Illuminate\Foundation\Testing\TestCase.php:44

Caused by
PDOException: could not find driver

C:\laragon\www\exgenartstudio\vendor\laravel\framework\src\Illuminate\Database\Connectors\Connector.php:66
C:\laragon\www\exgenartstudio\vendor\laravel\framework\src\Illuminate\Database\Connectors\Connector.php:44
C:\laragon\www\exgenartstudio\vendor\laravel\framework\src\Illuminate\Database\Connectors\SQLiteConnector.php:21
C:\laragon\www\exgenartstudio\vendor\laravel\framework\src\Illuminate\Database\Connectors\ConnectionFactory.php:223
C:\laragon\www\exgenartstudio\vendor\laravel\framework\src\Illuminate\Database\Connection.php:1230
C:\laragon\www\exgenartstudio\vendor\laravel\framework\src\Illuminate\Database\Connection.php:1266
C:\laragon\www\exgenartstudio\vendor\laravel\framework\src\Illuminate\Database\Connection.php:511
C:\laragon\www\exgenartstudio\vendor\laravel\framework\src\Illuminate\Database\Connection.php:406
C:\laragon\www\exgenartstudio\vendor\laravel\framework\src\Illuminate\Database\Connection.php:811
C:\laragon\www\exgenartstudio\vendor\laravel\framework\src\Illuminate\Database\Connection.php:778
C:\laragon\www\exgenartstudio\vendor\laravel\framework\src\Illuminate\Database\Connection.php:397
C:\laragon\www\exgenartstudio\vendor\laravel\framework\src\Illuminate\Database\Connection.php:343
C:\laragon\www\exgenartstudio\vendor\laravel\framework\src\Illuminate\Database\Connection.php:360
C:\laragon\www\exgenartstudio\vendor\laravel\framework\src\Illuminate\Database\Schema\Builder.php:174
C:\laragon\www\exgenartstudio\vendor\laravel\framework\src\Illuminate\Database\Migrations\DatabaseMigrationRepository.php:185
C:\laragon\www\exgenartstudio\vendor\laravel\framework\src\Illuminate\Database\Migrations\Migrator.php:753
C:\laragon\www\exgenartstudio\vendor\laravel\framework\src\Illuminate\Database\Console\Migrations\FreshCommand.php:67
C:\laragon\www\exgenartstudio\vendor\laravel\framework\src\Illuminate\Database\Migrations\Migrator.php:666
C:\laragon\www\exgenartstudio\vendor\laravel\framework\src\Illuminate\Database\Console\Migrations\FreshCommand.php:66
C:\laragon\www\exgenartstudio\vendor\laravel\framework\src\Illuminate\Container\BoundMethod.php:36
C:\laragon\www\exgenartstudio\vendor\laravel\framework\src\Illuminate\Container\Util.php:43
C:\laragon\www\exgenartstudio\vendor\laravel\framework\src\Illuminate\Container\BoundMethod.php:96
C:\laragon\www\exgenartstudio\vendor\laravel\framework\src\Illuminate\Container\BoundMethod.php:35
C:\laragon\www\exgenartstudio\vendor\laravel\framework\src\Illuminate\Container\Container.php:836
C:\laragon\www\exgenartstudio\vendor\laravel\framework\src\Illuminate\Console\Command.php:211
C:\laragon\www\exgenartstudio\vendor\symfony\console\Command\Command.php:318
C:\laragon\www\exgenartstudio\vendor\laravel\framework\src\Illuminate\Console\Command.php:180
C:\laragon\www\exgenartstudio\vendor\symfony\console\Application.php:1092
C:\laragon\www\exgenartstudio\vendor\symfony\console\Application.php:359
C:\laragon\www\exgenartstudio\vendor\symfony\console\Application.php:194
C:\laragon\www\exgenartstudio\vendor\laravel\framework\src\Illuminate\Console\Application.php:165
C:\laragon\www\exgenartstudio\vendor\laravel\framework\src\Illuminate\Foundation\Console\Kernel.php:426
C:\laragon\www\exgenartstudio\vendor\laravel\framework\src\Illuminate\Testing\PendingCommand.php:451
C:\laragon\www\exgenartstudio\vendor\laravel\framework\src\Illuminate\Testing\PendingCommand.php:675
C:\laragon\www\exgenartstudio\vendor\laravel\framework\src\Illuminate\Foundation\Testing\Concerns\InteractsWithConsole.php:87
C:\laragon\www\exgenartstudio\vendor\laravel\framework\src\Illuminate\Foundation\Testing\RefreshDatabase.php:101
C:\laragon\www\exgenartstudio\vendor\laravel\framework\src\Illuminate\Foundation\Testing\RefreshDatabase.php:84
C:\laragon\www\exgenartstudio\vendor\laravel\framework\src\Illuminate\Foundation\Testing\RefreshDatabase.php:25
C:\laragon\www\exgenartstudio\vendor\laravel\framework\src\Illuminate\Foundation\Testing\Concerns\InteractsWithTestCaseLifecycle.php:209
C:\laragon\www\exgenartstudio\vendor\laravel\framework\src\Illuminate\Foundation\Testing\Concerns\InteractsWithTestCaseLifecycle.php:97
C:\laragon\www\exgenartstudio\vendor\laravel\framework\src\Illuminate\Foundation\Testing\TestCase.php:44

3) Tests\Feature\Auth\PasswordResetTest::test_reset_password_screen_can_be_rendered
Illuminate\Database\QueryException: could not find driver (Connection: sqlite, SQL: select exists (select 1 from "main".sqlite_master where name = 'migrations' and type = 'table') as "exists")

C:\laragon\www\exgenartstudio\vendor\laravel\framework\src\Illuminate\Database\Connection.php:824
C:\laragon\www\exgenartstudio\vendor\laravel\framework\src\Illuminate\Database\Connection.php:778
C:\laragon\www\exgenartstudio\vendor\laravel\framework\src\Illuminate\Database\Connection.php:397
C:\laragon\www\exgenartstudio\vendor\laravel\framework\src\Illuminate\Database\Connection.php:343
C:\laragon\www\exgenartstudio\vendor\laravel\framework\src\Illuminate\Database\Connection.php:360
C:\laragon\www\exgenartstudio\vendor\laravel\framework\src\Illuminate\Database\Schema\Builder.php:174
C:\laragon\www\exgenartstudio\vendor\laravel\framework\src\Illuminate\Database\Migrations\DatabaseMigrationRepository.php:185
C:\laragon\www\exgenartstudio\vendor\laravel\framework\src\Illuminate\Database\Migrations\Migrator.php:753
C:\laragon\www\exgenartstudio\vendor\laravel\framework\src\Illuminate\Database\Console\Migrations\FreshCommand.php:67
C:\laragon\www\exgenartstudio\vendor\laravel\framework\src\Illuminate\Database\Migrations\Migrator.php:666
C:\laragon\www\exgenartstudio\vendor\laravel\framework\src\Illuminate\Database\Console\Migrations\FreshCommand.php:66
C:\laragon\www\exgenartstudio\vendor\laravel\framework\src\Illuminate\Container\BoundMethod.php:36
C:\laragon\www\exgenartstudio\vendor\laravel\framework\src\Illuminate\Container\Util.php:43
C:\laragon\www\exgenartstudio\vendor\laravel\framework\src\Illuminate\Container\BoundMethod.php:96
C:\laragon\www\exgenartstudio\vendor\laravel\framework\src\Illuminate\Container\BoundMethod.php:35
C:\laragon\www\exgenartstudio\vendor\laravel\framework\src\Illuminate\Container\Container.php:836
C:\laragon\www\exgenartstudio\vendor\laravel\framework\src\Illuminate\Console\Command.php:211
C:\laragon\www\exgenartstudio\vendor\symfony\console\Command\Command.php:318
C:\laragon\www\exgenartstudio\vendor\laravel\framework\src\Illuminate\Console\Command.php:180
C:\laragon\www\exgenartstudio\vendor\symfony\console\Application.php:1092
C:\laragon\www\exgenartstudio\vendor\symfony\console\Application.php:359
C:\laragon\www\exgenartstudio\vendor\symfony\console\Application.php:194
C:\laragon\www\exgenartstudio\vendor\laravel\framework\src\Illuminate\Console\Application.php:165
C:\laragon\www\exgenartstudio\vendor\laravel\framework\src\Illuminate\Foundation\Console\Kernel.php:426
C:\laragon\www\exgenartstudio\vendor\laravel\framework\src\Illuminate\Testing\PendingCommand.php:451
C:\laragon\www\exgenartstudio\vendor\laravel\framework\src\Illuminate\Testing\PendingCommand.php:675
C:\laragon\www\exgenartstudio\vendor\laravel\framework\src\Illuminate\Foundation\Testing\Concerns\InteractsWithConsole.php:87
C:\laragon\www\exgenartstudio\vendor\laravel\framework\src\Illuminate\Foundation\Testing\RefreshDatabase.php:101
C:\laragon\www\exgenartstudio\vendor\laravel\framework\src\Illuminate\Foundation\Testing\RefreshDatabase.php:84
C:\laragon\www\exgenartstudio\vendor\laravel\framework\src\Illuminate\Foundation\Testing\RefreshDatabase.php:25
C:\laragon\www\exgenartstudio\vendor\laravel\framework\src\Illuminate\Foundation\Testing\Concerns\InteractsWithTestCaseLifecycle.php:209
C:\laragon\www\exgenartstudio\vendor\laravel\framework\src\Illuminate\Foundation\Testing\Concerns\InteractsWithTestCaseLifecycle.php:97
C:\laragon\www\exgenartstudio\vendor\laravel\framework\src\Illuminate\Foundation\Testing\TestCase.php:44

Caused by
PDOException: could not find driver

C:\laragon\www\exgenartstudio\vendor\laravel\framework\src\Illuminate\Database\Connectors\Connector.php:66
C:\laragon\www\exgenartstudio\vendor\laravel\framework\src\Illuminate\Database\Connectors\Connector.php:44
C:\laragon\www\exgenartstudio\vendor\laravel\framework\src\Illuminate\Database\Connectors\SQLiteConnector.php:21
C:\laragon\www\exgenartstudio\vendor\laravel\framework\src\Illuminate\Database\Connectors\ConnectionFactory.php:223
C:\laragon\www\exgenartstudio\vendor\laravel\framework\src\Illuminate\Database\Connection.php:1230
C:\laragon\www\exgenartstudio\vendor\laravel\framework\src\Illuminate\Database\Connection.php:1266
C:\laragon\www\exgenartstudio\vendor\laravel\framework\src\Illuminate\Database\Connection.php:511
C:\laragon\www\exgenartstudio\vendor\laravel\framework\src\Illuminate\Database\Connection.php:406
C:\laragon\www\exgenartstudio\vendor\laravel\framework\src\Illuminate\Database\Connection.php:811
C:\laragon\www\exgenartstudio\vendor\laravel\framework\src\Illuminate\Database\Connection.php:778
C:\laragon\www\exgenartstudio\vendor\laravel\framework\src\Illuminate\Database\Connection.php:397
C:\laragon\www\exgenartstudio\vendor\laravel\framework\src\Illuminate\Database\Connection.php:343
C:\laragon\www\exgenartstudio\vendor\laravel\framework\src\Illuminate\Database\Connection.php:360
C:\laragon\www\exgenartstudio\vendor\laravel\framework\src\Illuminate\Database\Schema\Builder.php:174
C:\laragon\www\exgenartstudio\vendor\laravel\framework\src\Illuminate\Database\Migrations\DatabaseMigrationRepository.php:185
C:\laragon\www\exgenartstudio\vendor\laravel\framework\src\Illuminate\Database\Migrations\Migrator.php:753
C:\laragon\www\exgenartstudio\vendor\laravel\framework\src\Illuminate\Database\Console\Migrations\FreshCommand.php:67
C:\laragon\www\exgenartstudio\vendor\laravel\framework\src\Illuminate\Database\Migrations\Migrator.php:666
C:\laragon\www\exgenartstudio\vendor\laravel\framework\src\Illuminate\Database\Console\Migrations\FreshCommand.php:66
C:\laragon\www\exgenartstudio\vendor\laravel\framework\src\Illuminate\Container\BoundMethod.php:36
C:\laragon\www\exgenartstudio\vendor\laravel\framework\src\Illuminate\Container\Util.php:43
C:\laragon\www\exgenartstudio\vendor\laravel\framework\src\Illuminate\Container\BoundMethod.php:96
C:\laragon\www\exgenartstudio\vendor\laravel\framework\src\Illuminate\Container\BoundMethod.php:35
C:\laragon\www\exgenartstudio\vendor\laravel\framework\src\Illuminate\Container\Container.php:836
C:\laragon\www\exgenartstudio\vendor\laravel\framework\src\Illuminate\Console\Command.php:211
C:\laragon\www\exgenartstudio\vendor\symfony\console\Command\Command.php:318
C:\laragon\www\exgenartstudio\vendor\laravel\framework\src\Illuminate\Console\Command.php:180
C:\laragon\www\exgenartstudio\vendor\symfony\console\Application.php:1092
C:\laragon\www\exgenartstudio\vendor\symfony\console\Application.php:359
C:\laragon\www\exgenartstudio\vendor\symfony\console\Application.php:194
C:\laragon\www\exgenartstudio\vendor\laravel\framework\src\Illuminate\Console\Application.php:165
C:\laragon\www\exgenartstudio\vendor\laravel\framework\src\Illuminate\Foundation\Console\Kernel.php:426
C:\laragon\www\exgenartstudio\vendor\laravel\framework\src\Illuminate\Testing\PendingCommand.php:451
C:\laragon\www\exgenartstudio\vendor\laravel\framework\src\Illuminate\Testing\PendingCommand.php:675
C:\laragon\www\exgenartstudio\vendor\laravel\framework\src\Illuminate\Foundation\Testing\Concerns\InteractsWithConsole.php:87
C:\laragon\www\exgenartstudio\vendor\laravel\framework\src\Illuminate\Foundation\Testing\RefreshDatabase.php:101
C:\laragon\www\exgenartstudio\vendor\laravel\framework\src\Illuminate\Foundation\Testing\RefreshDatabase.php:84
C:\laragon\www\exgenartstudio\vendor\laravel\framework\src\Illuminate\Foundation\Testing\RefreshDatabase.php:25
C:\laragon\www\exgenartstudio\vendor\laravel\framework\src\Illuminate\Foundation\Testing\Concerns\InteractsWithTestCaseLifecycle.php:209
C:\laragon\www\exgenartstudio\vendor\laravel\framework\src\Illuminate\Foundation\Testing\Concerns\InteractsWithTestCaseLifecycle.php:97
C:\laragon\www\exgenartstudio\vendor\laravel\framework\src\Illuminate\Foundation\Testing\TestCase.php:44

4) Tests\Feature\Auth\PasswordResetTest::test_password_can_be_reset_with_valid_token
Illuminate\Database\QueryException: could not find driver (Connection: sqlite, SQL: select exists (select 1 from "main".sqlite_master where name = 'migrations' and type = 'table') as "exists")

C:\laragon\www\exgenartstudio\vendor\laravel\framework\src\Illuminate\Database\Connection.php:824
C:\laragon\www\exgenartstudio\vendor\laravel\framework\src\Illuminate\Database\Connection.php:778
C:\laragon\www\exgenartstudio\vendor\laravel\framework\src\Illuminate\Database\Connection.php:397
C:\laragon\www\exgenartstudio\vendor\laravel\framework\src\Illuminate\Database\Connection.php:343
C:\laragon\www\exgenartstudio\vendor\laravel\framework\src\Illuminate\Database\Connection.php:360
C:\laragon\www\exgenartstudio\vendor\laravel\framework\src\Illuminate\Database\Schema\Builder.php:174
C:\laragon\www\exgenartstudio\vendor\laravel\framework\src\Illuminate\Database\Migrations\DatabaseMigrationRepository.php:185
C:\laragon\www\exgenartstudio\vendor\laravel\framework\src\Illuminate\Database\Migrations\Migrator.php:753
C:\laragon\www\exgenartstudio\vendor\laravel\framework\src\Illuminate\Database\Console\Migrations\FreshCommand.php:67
C:\laragon\www\exgenartstudio\vendor\laravel\framework\src\Illuminate\Database\Migrations\Migrator.php:666
C:\laragon\www\exgenartstudio\vendor\laravel\framework\src\Illuminate\Database\Console\Migrations\FreshCommand.php:66
C:\laragon\www\exgenartstudio\vendor\laravel\framework\src\Illuminate\Container\BoundMethod.php:36
C:\laragon\www\exgenartstudio\vendor\laravel\framework\src\Illuminate\Container\Util.php:43
C:\laragon\www\exgenartstudio\vendor\laravel\framework\src\Illuminate\Container\BoundMethod.php:96
C:\laragon\www\exgenartstudio\vendor\laravel\framework\src\Illuminate\Container\BoundMethod.php:35
C:\laragon\www\exgenartstudio\vendor\laravel\framework\src\Illuminate\Container\Container.php:836
C:\laragon\www\exgenartstudio\vendor\laravel\framework\src\Illuminate\Console\Command.php:211
C:\laragon\www\exgenartstudio\vendor\symfony\console\Command\Command.php:318
C:\laragon\www\exgenartstudio\vendor\laravel\framework\src\Illuminate\Console\Command.php:180
C:\laragon\www\exgenartstudio\vendor\symfony\console\Application.php:1092
C:\laragon\www\exgenartstudio\vendor\symfony\console\Application.php:359
C:\laragon\www\exgenartstudio\vendor\symfony\console\Application.php:194
C:\laragon\www\exgenartstudio\vendor\laravel\framework\src\Illuminate\Console\Application.php:165
C:\laragon\www\exgenartstudio\vendor\laravel\framework\src\Illuminate\Foundation\Console\Kernel.php:426
C:\laragon\www\exgenartstudio\vendor\laravel\framework\src\Illuminate\Testing\PendingCommand.php:451
C:\laragon\www\exgenartstudio\vendor\laravel\framework\src\Illuminate\Testing\PendingCommand.php:675
C:\laragon\www\exgenartstudio\vendor\laravel\framework\src\Illuminate\Foundation\Testing\Concerns\InteractsWithConsole.php:87
C:\laragon\www\exgenartstudio\vendor\laravel\framework\src\Illuminate\Foundation\Testing\RefreshDatabase.php:101
C:\laragon\www\exgenartstudio\vendor\laravel\framework\src\Illuminate\Foundation\Testing\RefreshDatabase.php:84
C:\laragon\www\exgenartstudio\vendor\laravel\framework\src\Illuminate\Foundation\Testing\RefreshDatabase.php:25
C:\laragon\www\exgenartstudio\vendor\laravel\framework\src\Illuminate\Foundation\Testing\Concerns\InteractsWithTestCaseLifecycle.php:209
C:\laragon\www\exgenartstudio\vendor\laravel\framework\src\Illuminate\Foundation\Testing\Concerns\InteractsWithTestCaseLifecycle.php:97
C:\laragon\www\exgenartstudio\vendor\laravel\framework\src\Illuminate\Foundation\Testing\TestCase.php:44

Caused by
PDOException: could not find driver

C:\laragon\www\exgenartstudio\vendor\laravel\framework\src\Illuminate\Database\Connectors\Connector.php:66
C:\laragon\www\exgenartstudio\vendor\laravel\framework\src\Illuminate\Database\Connectors\Connector.php:44
C:\laragon\www\exgenartstudio\vendor\laravel\framework\src\Illuminate\Database\Connectors\SQLiteConnector.php:21
C:\laragon\www\exgenartstudio\vendor\laravel\framework\src\Illuminate\Database\Connectors\ConnectionFactory.php:223
C:\laragon\www\exgenartstudio\vendor\laravel\framework\src\Illuminate\Database\Connection.php:1230
C:\laragon\www\exgenartstudio\vendor\laravel\framework\src\Illuminate\Database\Connection.php:1266
C:\laragon\www\exgenartstudio\vendor\laravel\framework\src\Illuminate\Database\Connection.php:511
C:\laragon\www\exgenartstudio\vendor\laravel\framework\src\Illuminate\Database\Connection.php:406
C:\laragon\www\exgenartstudio\vendor\laravel\framework\src\Illuminate\Database\Connection.php:811
C:\laragon\www\exgenartstudio\vendor\laravel\framework\src\Illuminate\Database\Connection.php:778
C:\laragon\www\exgenartstudio\vendor\laravel\framework\src\Illuminate\Database\Connection.php:397
C:\laragon\www\exgenartstudio\vendor\laravel\framework\src\Illuminate\Database\Connection.php:343
C:\laragon\www\exgenartstudio\vendor\laravel\framework\src\Illuminate\Database\Connection.php:360
C:\laragon\www\exgenartstudio\vendor\laravel\framework\src\Illuminate\Database\Schema\Builder.php:174
C:\laragon\www\exgenartstudio\vendor\laravel\framework\src\Illuminate\Database\Migrations\DatabaseMigrationRepository.php:185
C:\laragon\www\exgenartstudio\vendor\laravel\framework\src\Illuminate\Database\Migrations\Migrator.php:753
C:\laragon\www\exgenartstudio\vendor\laravel\framework\src\Illuminate\Database\Console\Migrations\FreshCommand.php:67
C:\laragon\www\exgenartstudio\vendor\laravel\framework\src\Illuminate\Database\Migrations\Migrator.php:666
C:\laragon\www\exgenartstudio\vendor\laravel\framework\src\Illuminate\Database\Console\Migrations\FreshCommand.php:66
C:\laragon\www\exgenartstudio\vendor\laravel\framework\src\Illuminate\Container\BoundMethod.php:36
C:\laragon\www\exgenartstudio\vendor\laravel\framework\src\Illuminate\Container\Util.php:43
C:\laragon\www\exgenartstudio\vendor\laravel\framework\src\Illuminate\Container\BoundMethod.php:96
C:\laragon\www\exgenartstudio\vendor\laravel\framework\src\Illuminate\Container\BoundMethod.php:35
C:\laragon\www\exgenartstudio\vendor\laravel\framework\src\Illuminate\Container\Container.php:836
C:\laragon\www\exgenartstudio\vendor\laravel\framework\src\Illuminate\Console\Command.php:211
C:\laragon\www\exgenartstudio\vendor\symfony\console\Command\Command.php:318
C:\laragon\www\exgenartstudio\vendor\laravel\framework\src\Illuminate\Console\Command.php:180
C:\laragon\www\exgenartstudio\vendor\symfony\console\Application.php:1092
C:\laragon\www\exgenartstudio\vendor\symfony\console\Application.php:359
C:\laragon\www\exgenartstudio\vendor\symfony\console\Application.php:194
C:\laragon\www\exgenartstudio\vendor\laravel\framework\src\Illuminate\Console\Application.php:165
C:\laragon\www\exgenartstudio\vendor\laravel\framework\src\Illuminate\Foundation\Console\Kernel.php:426
C:\laragon\www\exgenartstudio\vendor\laravel\framework\src\Illuminate\Testing\PendingCommand.php:451
C:\laragon\www\exgenartstudio\vendor\laravel\framework\src\Illuminate\Testing\PendingCommand.php:675
C:\laragon\www\exgenartstudio\vendor\laravel\framework\src\Illuminate\Foundation\Testing\Concerns\InteractsWithConsole.php:87
C:\laragon\www\exgenartstudio\vendor\laravel\framework\src\Illuminate\Foundation\Testing\RefreshDatabase.php:101
C:\laragon\www\exgenartstudio\vendor\laravel\framework\src\Illuminate\Foundation\Testing\RefreshDatabase.php:84
C:\laragon\www\exgenartstudio\vendor\laravel\framework\src\Illuminate\Foundation\Testing\RefreshDatabase.php:25
C:\laragon\www\exgenartstudio\vendor\laravel\framework\src\Illuminate\Foundation\Testing\Concerns\InteractsWithTestCaseLifecycle.php:209
C:\laragon\www\exgenartstudio\vendor\laravel\framework\src\Illuminate\Foundation\Testing\Concerns\InteractsWithTestCaseLifecycle.php:97
C:\laragon\www\exgenartstudio\vendor\laravel\framework\src\Illuminate\Foundation\Testing\TestCase.php:44

ERRORS!
Tests: 4, Assertions: 0, Errors: 4.
